exports[`test can map default state to props 1`] = `
Object {
  "projectsByMonth": Array [],
}
`;
