exports[`test throws if an error result is unsafeUnwrap'd 1`] = `"Unwrapped result with err: bad"`;
